// Jest Snapshot v1, https://goo.gl/fbAQLP

exports[`Index Component renders correctly with data 1`] = `
<View
  style={
    {
      "backgroundColor": "rgba(255, 255, 255, 1)",
      "flexBasis": "0%",
      "flexGrow": 1,
      "flexShrink": 1,
      "paddingLeft": 16,
      "paddingRight": 16,
      "paddingTop": 48,
    }
  }
>
  <RCTScrollView
    contentContainerStyle={
      {
        "paddingBottom": 96,
      }
    }
    showsVerticalScrollIndicator={false}
  >
    <View>
      <View
        style={
          {
            "alignItems": "center",
            "marginBottom": 24,
          }
        }
      >
        <Text
          style={
            {
              "fontSize": 18,
              "lineHeight": 28,
            }
          }
        >
          Completed 
          0
          %
        </Text>
        ProgressBar
      </View>
      <Text
        style={
          {
            "fontSize": 18,
            "fontWeight": "700",
            "lineHeight": 28,
            "marginBottom": 8,
          }
        }
      >
        Incompleted Exercises
      </Text>
      <RCTScrollView
        ListEmptyComponent={
          <Text
            style={
              {
                "color": "rgba(107, 114, 128, 1)",
                "marginBottom": 16,
                "marginTop": 16,
                "textAlign": "center",
              }
            }
          >
            No incompleted exercises
          </Text>
        }
        data={
          [
            {
              "category": "Squat",
              "difficulty_level": "Medium",
              "id": 102,
              "name": "Exercise 2",
              "video_id": "def456",
            },
          ]
        }
        getItem={[Function]}
        getItemCount={[Function]}
        keyExtractor={[Function]}
        onContentSizeChange={[Function]}
        onLayout={[Function]}
        onMomentumScrollBegin={[Function]}
        onMomentumScrollEnd={[Function]}
        onScroll={[Function]}
        onScrollBeginDrag={[Function]}
        onScrollEndDrag={[Function]}
        removeClippedSubviews={false}
        renderItem={[Function]}
        scrollEnabled={false}
        scrollEventThrottle={0.0001}
        stickyHeaderIndices={[]}
        style={
          {
            "marginBottom": 16,
          }
        }
        viewabilityConfigCallbackPairs={[]}
      >
        <View>
          <View
            onFocusCapture={[Function]}
            onLayout={[Function]}
            style={null}
          >
            <View
              style={
                {
                  "flexDirection": "row",
                }
              }
            >
              <View>
                <View
                  accessibilityState={
                    {
                      "busy": undefined,
                      "checked": undefined,
                      "disabled": undefined,
                      "expanded": undefined,
                      "selected": undefined,
                    }
                  }
                  accessibilityValue={
                    {
                      "max": undefined,
                      "min": undefined,
                      "now": undefined,
                      "text": undefined,
                    }
                  }
                  accessible={true}
                  collapsable={false}
                  focusable={true}
                  onBlur={[Function]}
                  onClick={[Function]}
                  onFocus={[Function]}
                  onResponderGrant={[Function]}
                  onResponderMove={[Function]}
                  onResponderRelease={[Function]}
                  onResponderTerminate={[Function]}
                  onResponderTerminationRequest={[Function]}
                  onStartShouldSetResponder={[Function]}
                  style={
                    [
                      {
                        "borderBottomLeftRadius": 8,
                        "borderBottomRightRadius": 8,
                        "borderBottomWidth": 1,
                        "borderLeftWidth": 1,
                        "borderRightWidth": 1,
                        "borderTopLeftRadius": 8,
                        "borderTopRightRadius": 8,
                        "borderTopWidth": 1,
                        "elevation": 3,
                        "height": 208,
                        "marginBottom": 8,
                        "marginLeft": 8,
                        "marginRight": 8,
                        "marginTop": 8,
                        "paddingBottom": 8,
                        "paddingLeft": 8,
                        "paddingRight": 8,
                        "paddingTop": 8,
                        "shadowColor": "#000",
                        "shadowOffset": {
                          "height": 1,
                          "width": 1,
                        },
                        "shadowOpacity": 0.125,
                        "shadowRadius": 3,
                        "width": 160,
                      },
                      {
                        "backgroundColor": "#ffffff",
                        "borderColor": "#14b8a6",
                        "borderWidth": 1,
                        "opacity": 1,
                      },
                    ]
                  }
                >
                  <Image
                    onError={[Function]}
                    onLoad={[Function]}
                    source={
                      {
                        "uri": "https://img.youtube.com/vi/def456/maxresdefault.jpg",
                      }
                    }
                    style={
                      {
                        "borderBottomLeftRadius": 8,
                        "borderBottomRightRadius": 8,
                        "borderTopLeftRadius": 8,
                        "borderTopRightRadius": 8,
                        "height": 112,
                        "marginBottom": 8,
                        "marginLeft": "auto",
                        "marginRight": "auto",
                        "width": 112,
                      }
                    }
                  />
                  <Text
                    style={
                      {
                        "fontWeight": "600",
                        "textAlign": "center",
                      }
                    }
                  >
                    Exercise 2
                  </Text>
                  <Text
                    style={
                      {
                        "textAlign": "center",
                      }
                    }
                  >
                    Difficulty level: 
                    Medium
                  </Text>
                </View>
              </View>
            </View>
          </View>
        </View>
      </RCTScrollView>
      <Text
        style={
          {
            "fontSize": 18,
            "fontWeight": "700",
            "lineHeight": 28,
            "marginBottom": 8,
          }
        }
      >
        Completed Exercises
      </Text>
      <RCTScrollView
        ListEmptyComponent={
          <Text
            style={
              {
                "color": "rgba(107, 114, 128, 1)",
                "marginBottom": 16,
                "marginTop": 16,
                "textAlign": "center",
              }
            }
          >
            No completed exercises
          </Text>
        }
        data={
          [
            {
              "category": "Knee",
              "difficulty_level": "Easy",
              "id": 101,
              "name": "Exercise 1",
              "video_id": "abc123",
            },
          ]
        }
        getItem={[Function]}
        getItemCount={[Function]}
        keyExtractor={[Function]}
        onContentSizeChange={[Function]}
        onLayout={[Function]}
        onMomentumScrollBegin={[Function]}
        onMomentumScrollEnd={[Function]}
        onScroll={[Function]}
        onScrollBeginDrag={[Function]}
        onScrollEndDrag={[Function]}
        removeClippedSubviews={false}
        renderItem={[Function]}
        scrollEnabled={false}
        scrollEventThrottle={0.0001}
        stickyHeaderIndices={[]}
        style={
          {
            "marginBottom": 16,
          }
        }
        viewabilityConfigCallbackPairs={[]}
      >
        <View>
          <View
            onFocusCapture={[Function]}
            onLayout={[Function]}
            style={null}
          >
            <View
              style={
                {
                  "flexDirection": "row",
                }
              }
            >
              <View>
                <View
                  accessibilityState={
                    {
                      "busy": undefined,
                      "checked": undefined,
                      "disabled": undefined,
                      "expanded": undefined,
                      "selected": undefined,
                    }
                  }
                  accessibilityValue={
                    {
                      "max": undefined,
                      "min": undefined,
                      "now": undefined,
                      "text": undefined,
                    }
                  }
                  accessible={true}
                  collapsable={false}
                  focusable={true}
                  onBlur={[Function]}
                  onClick={[Function]}
                  onFocus={[Function]}
                  onResponderGrant={[Function]}
                  onResponderMove={[Function]}
                  onResponderRelease={[Function]}
                  onResponderTerminate={[Function]}
                  onResponderTerminationRequest={[Function]}
                  onStartShouldSetResponder={[Function]}
                  style={
                    [
                      {
                        "borderBottomLeftRadius": 8,
                        "borderBottomRightRadius": 8,
                        "borderBottomWidth": 1,
                        "borderLeftWidth": 1,
                        "borderRightWidth": 1,
                        "borderTopLeftRadius": 8,
                        "borderTopRightRadius": 8,
                        "borderTopWidth": 1,
                        "elevation": 3,
                        "height": 208,
                        "marginBottom": 8,
                        "marginLeft": 8,
                        "marginRight": 8,
                        "marginTop": 8,
                        "paddingBottom": 8,
                        "paddingLeft": 8,
                        "paddingRight": 8,
                        "paddingTop": 8,
                        "shadowColor": "#000",
                        "shadowOffset": {
                          "height": 1,
                          "width": 1,
                        },
                        "shadowOpacity": 0.125,
                        "shadowRadius": 3,
                        "width": 160,
                      },
                      {
                        "backgroundColor": "#ffffff",
                        "borderColor": "#14b8a6",
                        "borderWidth": 1,
                        "opacity": 1,
                      },
                    ]
                  }
                >
                  <Image
                    onError={[Function]}
                    onLoad={[Function]}
                    source={
                      {
                        "uri": "https://img.youtube.com/vi/abc123/maxresdefault.jpg",
                      }
                    }
                    style={
                      {
                        "borderBottomLeftRadius": 8,
                        "borderBottomRightRadius": 8,
                        "borderTopLeftRadius": 8,
                        "borderTopRightRadius": 8,
                        "height": 112,
                        "marginBottom": 8,
                        "marginLeft": "auto",
                        "marginRight": "auto",
                        "width": 112,
                      }
                    }
                  />
                  <Text
                    style={
                      {
                        "fontWeight": "600",
                        "textAlign": "center",
                      }
                    }
                  >
                    Exercise 1
                  </Text>
                  <Text
                    style={
                      {
                        "textAlign": "center",
                      }
                    }
                  >
                    Difficulty level: 
                    Easy
                  </Text>
                </View>
              </View>
            </View>
          </View>
        </View>
      </RCTScrollView>
    </View>
  </RCTScrollView>
  <View
    accessibilityState={
      {
        "busy": undefined,
        "checked": undefined,
        "disabled": undefined,
        "expanded": undefined,
        "selected": undefined,
      }
    }
    accessibilityValue={
      {
        "max": undefined,
        "min": undefined,
        "now": undefined,
        "text": undefined,
      }
    }
    accessible={true}
    collapsable={false}
    focusable={true}
    onBlur={[Function]}
    onClick={[Function]}
    onFocus={[Function]}
    onResponderGrant={[Function]}
    onResponderMove={[Function]}
    onResponderRelease={[Function]}
    onResponderTerminate={[Function]}
    onResponderTerminationRequest={[Function]}
    onStartShouldSetResponder={[Function]}
    style={
      [
        {
          "borderBottomLeftRadius": 9999,
          "borderBottomRightRadius": 9999,
          "borderTopLeftRadius": 9999,
          "borderTopRightRadius": 9999,
          "bottom": 16,
          "paddingBottom": 16,
          "paddingLeft": 16,
          "paddingRight": 16,
          "paddingTop": 16,
          "position": "absolute",
          "right": 16,
        },
        {
          "backgroundColor": "#14b8a6",
          "opacity": 1,
        },
      ]
    }
  >
    <MaterialCommunityIcons
      color="white"
      name="robot-happy-outline"
      size={24}
      style={
        {
          "marginLeft": "auto",
          "marginRight": "auto",
        }
      }
    />
  </View>
  <View
    accessibilityState={
      {
        "busy": undefined,
        "checked": undefined,
        "disabled": undefined,
        "expanded": undefined,
        "selected": undefined,
      }
    }
    accessibilityValue={
      {
        "max": undefined,
        "min": undefined,
        "now": undefined,
        "text": undefined,
      }
    }
    accessible={true}
    collapsable={false}
    focusable={true}
    onBlur={[Function]}
    onClick={[Function]}
    onFocus={[Function]}
    onResponderGrant={[Function]}
    onResponderMove={[Function]}
    onResponderRelease={[Function]}
    onResponderTerminate={[Function]}
    onResponderTerminationRequest={[Function]}
    onStartShouldSetResponder={[Function]}
    style={
      [
        {
          "borderBottomLeftRadius": 9999,
          "borderBottomRightRadius": 9999,
          "borderTopLeftRadius": 9999,
          "borderTopRightRadius": 9999,
          "bottom": 16,
          "left": 16,
          "paddingBottom": 16,
          "paddingLeft": 16,
          "paddingRight": 16,
          "paddingTop": 16,
          "position": "absolute",
        },
        {
          "backgroundColor": "#14b8a6",
          "opacity": 1,
        },
      ]
    }
    testID="add-exercise-button"
  >
    <MaterialCommunityIcons
      color="white"
      name="plus"
      size={24}
      style={
        {
          "marginLeft": "auto",
          "marginRight": "auto",
        }
      }
    />
  </View>
</View>
`;
