// Jest Snapshot v1, https://goo.gl/fbAQLP

exports[`Profile Component renders correctly with data 1`] = `
<View
  style={
    {
      "alignItems": "center",
      "backgroundColor": "rgba(255, 255, 255, 1)",
      "display": "flex",
      "flexBasis": "0%",
      "flexGrow": 1,
      "flexShrink": 1,
      "justifyContent": "center",
    }
  }
>
  <View
    style={
      {
        "backgroundColor": "rgba(249, 250, 251, 1)",
        "borderBottomLeftRadius": 12,
        "borderBottomRightRadius": 12,
        "borderTopLeftRadius": 12,
        "borderTopRightRadius": 12,
        "elevation": 1,
        "marginBottom": 24,
        "paddingBottom": 24,
        "paddingLeft": 24,
        "paddingRight": 24,
        "paddingTop": 24,
        "shadowColor": "#000",
        "shadowOffset": {
          "height": 1,
          "width": 1,
        },
        "shadowOpacity": 0.025,
        "shadowRadius": 1,
        "width": "91.666667%",
      }
    }
  >
    <View
      style={
        {
          "marginBottom": 16,
        }
      }
    >
      <Text
        style={
          {
            "color": "rgba(107, 114, 128, 1)",
            "fontSize": 14,
            "lineHeight": 20,
          }
        }
      >
        Username
      </Text>
      <Text
        style={
          {
            "color": "rgba(31, 41, 55, 1)",
          }
        }
      >
        testuser
      </Text>
    </View>
    <View
      style={
        {
          "marginBottom": 16,
        }
      }
    >
      <Text
        style={
          {
            "color": "rgba(107, 114, 128, 1)",
            "fontSize": 14,
            "lineHeight": 20,
          }
        }
      >
        Full Name
      </Text>
      <Text
        style={
          {
            "color": "rgba(31, 41, 55, 1)",
          }
        }
      >
        Test User
      </Text>
    </View>
    <View
      style={
        {
          "marginBottom": 16,
        }
      }
    >
      <Text
        style={
          {
            "color": "rgba(107, 114, 128, 1)",
            "fontSize": 14,
            "lineHeight": 20,
          }
        }
      >
        Email
      </Text>
      <Text
        style={
          {
            "color": "rgba(31, 41, 55, 1)",
          }
        }
      >
        test@example.com
      </Text>
    </View>
    <View
      style={
        {
          "marginBottom": 16,
        }
      }
    >
      <Text
        style={
          {
            "color": "rgba(107, 114, 128, 1)",
            "fontSize": 14,
            "lineHeight": 20,
          }
        }
      >
        Date of Birth
      </Text>
      <Text
        style={
          {
            "color": "rgba(31, 41, 55, 1)",
          }
        }
      >
        01/01/1990
      </Text>
    </View>
    <View>
      <Text
        style={
          {
            "color": "rgba(107, 114, 128, 1)",
            "fontSize": 14,
            "lineHeight": 20,
          }
        }
      >
        Injury Type
      </Text>
      <Text
        style={
          {
            "color": "rgba(31, 41, 55, 1)",
          }
        }
      >
        Sprain
      </Text>
    </View>
  </View>
  <View
    accessibilityState={
      {
        "busy": undefined,
        "checked": undefined,
        "disabled": undefined,
        "expanded": undefined,
        "selected": undefined,
      }
    }
    accessibilityValue={
      {
        "max": undefined,
        "min": undefined,
        "now": undefined,
        "text": undefined,
      }
    }
    accessible={true}
    collapsable={false}
    focusable={true}
    onBlur={[Function]}
    onClick={[Function]}
    onFocus={[Function]}
    onResponderGrant={[Function]}
    onResponderMove={[Function]}
    onResponderRelease={[Function]}
    onResponderTerminate={[Function]}
    onResponderTerminationRequest={[Function]}
    onStartShouldSetResponder={[Function]}
    style={
      [
        {
          "alignItems": "center",
          "borderBottomLeftRadius": 16,
          "borderBottomRightRadius": 16,
          "borderTopLeftRadius": 16,
          "borderTopRightRadius": 16,
          "bottom": 16,
          "paddingBottom": 16,
          "paddingLeft": 16,
          "paddingRight": 16,
          "paddingTop": 16,
          "position": "absolute",
          "width": 320,
        },
        {
          "backgroundColor": "#14b8a6",
          "opacity": 1,
        },
      ]
    }
  >
    <Text
      style={
        {
          "color": "rgba(255, 255, 255, 1)",
          "fontSize": 18,
          "fontWeight": "600",
          "lineHeight": 28,
        }
      }
    >
      Edit Profile
    </Text>
  </View>
</View>
`;
