// Jest Snapshot v1, https://goo.gl/fbAQLP

exports[`Exercise Component renders correctly with data 1`] = `
<View
  style={
    {
      "backgroundColor": "rgba(255, 255, 255, 1)",
      "flexBasis": "0%",
      "flexGrow": 1,
      "flexShrink": 1,
      "paddingLeft": 16,
      "paddingRight": 16,
    }
  }
>
  <View
    style={
      {
        "alignItems": "center",
        "flexDirection": "row",
        "paddingBottom": 16,
        "paddingTop": 40,
      }
    }
  >
    <View
      accessibilityState={
        {
          "busy": undefined,
          "checked": undefined,
          "disabled": undefined,
          "expanded": undefined,
          "selected": undefined,
        }
      }
      accessibilityValue={
        {
          "max": undefined,
          "min": undefined,
          "now": undefined,
          "text": undefined,
        }
      }
      accessible={true}
      collapsable={false}
      focusable={true}
      onBlur={[Function]}
      onClick={[Function]}
      onFocus={[Function]}
      onResponderGrant={[Function]}
      onResponderMove={[Function]}
      onResponderRelease={[Function]}
      onResponderTerminate={[Function]}
      onResponderTerminationRequest={[Function]}
      onStartShouldSetResponder={[Function]}
      style={
        [
          {
            "borderBottomLeftRadius": 9999,
            "borderBottomRightRadius": 9999,
            "borderTopLeftRadius": 9999,
            "borderTopRightRadius": 9999,
            "paddingBottom": 8,
            "paddingLeft": 8,
            "paddingRight": 8,
            "paddingTop": 8,
          },
          {
            "backgroundColor": "#14b8a6",
            "opacity": 1,
          },
        ]
      }
    >
      <Ionicons
        color="white"
        name="arrow-back"
        size={24}
      />
    </View>
    <Text
      style={
        [
          {
            "flexBasis": "0%",
            "flexGrow": 1,
            "flexShrink": 1,
            "fontSize": 24,
            "fontWeight": "600",
            "lineHeight": 32,
            "textAlign": "center",
          },
          {
            "color": "#14b8a6",
          },
        ]
      }
    >
      Test Exercise
    </Text>
    <View
      style={
        {
          "width": 32,
        }
      }
    />
  </View>
  <View
    style={
      [
        {
          "borderBottomLeftRadius": 12,
          "borderBottomRightRadius": 12,
          "borderTopLeftRadius": 12,
          "borderTopRightRadius": 12,
          "overflow": "hidden",
          "position": "relative",
          "width": "100%",
        },
        {
          "aspectRatio": 1.7777777777777777,
        },
      ]
    }
  >
    <YoutubePlayer
      height={240}
      initialPlayerParams={{}}
      onChangeState={[MockFunction]}
      play={false}
    />
  </View>
  <View
    style={
      {
        "marginTop": 16,
        "paddingLeft": 16,
        "paddingRight": 16,
      }
    }
  >
    <Text
      style={
        {
          "fontSize": 18,
          "fontWeight": "600",
          "lineHeight": 28,
          "textAlign": "center",
        }
      }
    >
      Reps: 
      10
      <Text
        style={
          [
            {
              "fontSize": 36,
              "lineHeight": 40,
            },
            {
              "color": "#14b8a6",
            },
          ]
        }
      >
         • 
      </Text>
      Sets: 
      3
        
      <Text
        style={
          [
            {
              "fontSize": 36,
              "lineHeight": 40,
            },
            {
              "color": "#14b8a6",
            },
          ]
        }
      >
        • 
      </Text>
      <Text>
        Hold: 
        5
        s
      </Text>
    </Text>
    <Text
      style={
        {
          "fontSize": 18,
          "fontWeight": "600",
          "lineHeight": 28,
          "marginTop": 8,
          "textAlign": "center",
        }
      }
    >
      Difficulty: 
      Medium
    </Text>
    <Text
      style={
        {
          "marginTop": 8,
          "textAlign": "left",
        }
      }
    >
      Test notes for the exercise
    </Text>
  </View>
  <View
    style={
      [
        {
          "bottom": 40,
          "flexDirection": "row",
          "justifyContent": "space-between",
          "position": "absolute",
          "width": "100%",
        },
      ]
    }
  >
    <View
      accessibilityState={
        {
          "busy": undefined,
          "checked": undefined,
          "disabled": undefined,
          "expanded": undefined,
          "selected": undefined,
        }
      }
      accessibilityValue={
        {
          "max": undefined,
          "min": undefined,
          "now": undefined,
          "text": undefined,
        }
      }
      accessible={true}
      collapsable={false}
      focusable={true}
      onBlur={[Function]}
      onClick={[Function]}
      onFocus={[Function]}
      onResponderGrant={[Function]}
      onResponderMove={[Function]}
      onResponderRelease={[Function]}
      onResponderTerminate={[Function]}
      onResponderTerminationRequest={[Function]}
      onStartShouldSetResponder={[Function]}
      style={
        [
          {
            "alignItems": "center",
            "borderBottomLeftRadius": 16,
            "borderBottomRightRadius": 16,
            "borderTopLeftRadius": 16,
            "borderTopRightRadius": 16,
            "marginLeft": 32,
            "paddingBottom": 16,
            "paddingLeft": 16,
            "paddingRight": 16,
            "paddingTop": 16,
            "width": 112,
          },
          {
            "backgroundColor": "#f87171",
            "opacity": 1,
          },
        ]
      }
    >
      <Text
        style={
          {
            "color": "rgba(255, 255, 255, 1)",
            "fontWeight": "600",
          }
        }
      >
        Remove
      </Text>
    </View>
    <View
      accessibilityState={
        {
          "busy": undefined,
          "checked": undefined,
          "disabled": undefined,
          "expanded": undefined,
          "selected": undefined,
        }
      }
      accessibilityValue={
        {
          "max": undefined,
          "min": undefined,
          "now": undefined,
          "text": undefined,
        }
      }
      accessible={true}
      collapsable={false}
      focusable={true}
      onBlur={[Function]}
      onClick={[Function]}
      onFocus={[Function]}
      onResponderGrant={[Function]}
      onResponderMove={[Function]}
      onResponderRelease={[Function]}
      onResponderTerminate={[Function]}
      onResponderTerminationRequest={[Function]}
      onStartShouldSetResponder={[Function]}
      style={
        [
          {
            "alignItems": "center",
            "borderBottomLeftRadius": 16,
            "borderBottomRightRadius": 16,
            "borderTopLeftRadius": 16,
            "borderTopRightRadius": 16,
            "paddingBottom": 16,
            "paddingLeft": 16,
            "paddingRight": 16,
            "paddingTop": 16,
            "width": 112,
          },
          {
            "backgroundColor": "#14b8a6",
            "opacity": 1,
          },
        ]
      }
    >
      <Text
        style={
          {
            "color": "rgba(255, 255, 255, 1)",
            "fontWeight": "600",
          }
        }
      >
        Complete
      </Text>
    </View>
  </View>
</View>
`;
